1. journalctl -b --until "+1.5s"
total found: 6931
journalctl -b --until "+1.5s" | head -n 10
Mar 12 20:03:45 localhost kernel: Linux version 6.8.0-55-generic (buildd@lcy02-amd64-095) (x86_64-linux-gnu-gcc-13 (Ubuntu 13.3.0-6ubuntu2~24.04) 13.3.0, GNU ld (GNU Binutils for Ubuntu) 2.42) #57-Ubuntu SMP PREEMPT_DYNAMIC Wed Feb 12 23:42:21 UTC 2025 (Ubuntu 6.8.0-55.57-generic 6.8.12)
Mar 12 20:03:45 localhost kernel: Command line: BOOT_IMAGE=/vmlinuz-6.8.0-55-generic root=/dev/mapper/ubuntu--vg-ubuntu--lv ro
Mar 12 20:03:45 localhost kernel: KERNEL supported cpus:
Mar 12 20:03:45 localhost kernel:   Intel GenuineIntel
Mar 12 20:03:45 localhost kernel:   AMD AuthenticAMD
Mar 12 20:03:45 localhost kernel:   Hygon HygonGenuine
Mar 12 20:03:45 localhost kernel:   Centaur CentaurHauls
Mar 12 20:03:45 localhost kernel:   zhaoxin   Shanghai  
Mar 12 20:03:45 localhost kernel: BIOS-provided physical RAM map:
Mar 12 20:03:45 localhost kernel: BIOS-e820: [mem 0x0000000000000000-0x000000000009fbff] usable

2. find / -name "auth.log"
/var/log/auth.log

awk '{print $3, $4, $5, $6, $7, $8, $9, $10, $11} ' /var/log/auth.log | sed 's/\[[0-9]*\]//g' | sort
chage: changed password expiry for user2   
chage: changed password expiry for user3   
chage: changed password expiry for userV8   
CRON: pam_unix(cron:session): session closed for user root  
CRON: pam_unix(cron:session): session closed for user root  

3. awk '{print $3, $4, $5, $6, $7, $8, $9, $10, $11} ' /var/log/auth.log | sed 's/\[[0-9]*\]//g' | sort | uniq -c | sort -nr
    627 CRON: pam_unix(cron:session): session opened for user root(uid=0) by root(uid=0)
    627 CRON: pam_unix(cron:session): session closed for user root  
     15 sudo: pam_unix(sudo:session): session closed for user root  
     14 sudo: pam_unix(sudo:session): session opened for user root(uid=0) by root(uid=0)
     13 sudo: root : TTY=pts/3 ; PWD=/root ; USER=root ;
     11 su: (to user2) root on pts/3   
     11 su: pam_unix(su:session): session opened for user user2(uid=1002) by root(uid=0)
     11 su: pam_unix(su:session): session closed for user user2  
     10 su: (to userV8) root on pts/3   
     10 su: pam_unix(su:session): session opened for user userV8(uid=1001) by root(uid=0)

4. awk -F: 'NR==FNR {uid[$1]=$3; next} {split($4, users, ,); for (i in users) if (users[i] in uid) print uid[users[i]], users[i], $1}' /etc/passwd /etc/group | sort -k1,1nr
1004 user4 users
1003 user3 testGroup
1003 user3 users
1002 user2 testGroup
1002 user2 users
1001 user1 testGroup
1000 tech adm
1000 tech cdrom
1000 tech dip
1000 tech lxd
1000 tech plugdev
1000 tech sudo
103 syslog adm

5. dmesg | grep 'kernel'
[    0.043699] Booting paravirtualized kernel on KVM
[    0.044631] Unknown kernel command line parameters "BOOT_IMAGE=/vmlinuz-6.8.0-55-generic", will be passed to user space.
[    0.098029] Memory: 3933500K/4193760K available (22528K kernel code, 4443K rwdata, 14344K rodata, 4988K init, 4716K bss, 260000K reserved, 0K cma-reserved)
[    0.563857] Loaded X.509 cert 'Build time autogenerated kernel key: e0bedf6fa049a1e09bd65ebab3904f14cdd5bc68'
[    0.718790] Loaded X.509 cert 'Build time autogenerated kernel key: e0bedf6fa049a1e09bd65ebab3904f14cdd5bc68'
[    0.741219] Freeing unused kernel image (initmem) memory: 4988K
[    0.742069] Write protecting the kernel read-only data: 38912k
[    0.744735] Freeing unused kernel image (rodata/data gap) memory: 2040K
[    6.184645] systemd[1]: Listening on systemd-udevd-kernel.socket - udev Kernel Socket.
[    6.196620] systemd[1]: Mounting sys-kernel-debug.mount - Kernel Debug File System...
[    6.202496] systemd[1]: Mounting sys-kernel-tracing.mount - Kernel Trace File System...
[    6.293135] systemd[1]: Mounted sys-kernel-debug.mount - Kernel Debug File System.
[    6.294019] systemd[1]: Mounted sys-kernel-tracing.mount - Kernel Trace File System.
[    6.306156] systemd[1]: Mounting sys-kernel-config.mount - Kernel Configuration File System...
[    6.316502] systemd[1]: Mounted sys-kernel-config.mount - Kernel Configuration File System.

6. wc  -l /var/log/kern.log
44 /var/log/kern.log

7. awk '/Commandline:/ {cmd=$0} /Start-Date:/ {start=$0} /End-Date:/ {end=$0} {print cmd"; " start"; " end}' /var/log/apt/history.log
Commandline: apt install vim qemu-guest-agent; Start-Date: 2025-03-12  18:21:23; End-Date: 2025-03-12  18:21:31
Commandline: apt install vim qemu-guest-agent; Start-Date: 2025-03-17  04:47:03; End-Date: 2025-03-12  18:21:31
Commandline: apt install bzip2; Start-Date: 2025-03-17  04:47:03; End-Date: 2025-03-12  18:21:31
Commandline: apt install bzip2; Start-Date: 2025-03-17  04:47:03; End-Date: 2025-03-12  18:21:31
Commandline: apt install bzip2; Start-Date: 2025-03-17  04:47:03; End-Date: 2025-03-17  04:47:10
Commandline: apt install bzip2; Start-Date: 2025-03-17  04:47:03; End-Date: 2025-03-17  04:47:10
Commandline: apt install bzip2; Start-Date: 2025-03-17  04:48:49; End-Date: 2025-03-17  04:47:10
Commandline: apt install 7zip; Start-Date: 2025-03-17  04:48:49; End-Date: 2025-03-17  04:47:10
Commandline: apt install 7zip; Start-Date: 2025-03-17  04:48:49; End-Date: 2025-03-17  04:47:10
Commandline: apt install 7zip; Start-Date: 2025-03-17  04:48:49; End-Date: 2025-03-17  04:48:53
